[[2, 1, 2], [5, 7, 2], [9, 1, 3]]
[[1, 2, 3], [2, 3, 4], [2, 4, 6]]
[[0, 0, 0], [0, 0, 0], [0, 0, 0]]
[[48, 87, 126], [48, 87, 126], [48, 87, 126]]
