3*3=9 3*4=12 3*5=:=) 3*6=18 
4*3=12 4*4=16 4*5=20 4*6=:=) 
5*3=:=) 5*4=20 5*5=25 5*6=30 
6*3=18 6*4=:=) 6*5=30 6*6=36 
