23*23=529 23*24=552 23*25=575 23*26=598 
24*23=552 24*24=576 24*25=:=) 24*26=624 
25*23=575 25*24=:=) 25*25=625 25*26=650 
26*23=598 26*24=624 26*25=650 26*26=676 
