-6*-6=36 -6*-5=30 -6*-4=:=) 
-5*-6=30 -5*-5=25 -5*-4=20 
-4*-6=:=) -4*-5=20 -4*-4=16 
