TORTORO, TORTORT, TTORTOR, TORTTOR, TORRTOR, TORTORR, TOROTOR, RTORTOR, OTORTOR
