__init__: (10,), {}
i: ('á', 'ò', 'ò', ' ', 'ñ', ' ', 'î', 'î'), {'i': 'nice'}
1
i: ('á', 'ò', 'ò', ' ', 'ñ', ' ', 'î', 'î'), {'i': 'nice'}
2
i: ('á', 'ò', 'ò', ' ', 'ñ', ' ', 'î', 'î'), {'i': 'nice'}
3
i: ('á', 'ò', 'ò', ' ', 'ñ', ' '), {'i': 'nice'}
4
i: ('á', 'ò', 'ò', ' ', 'ñ', ' ', 'î', 'î'), {'i': 'nice'}
5
i: ('á', 'ò', 'ò', ' ', 'ñ', ' ', 'î', 'î'), {'i': 'nice'}
6
i: ('á', 'ò', 'ò', ' ', 'ñ', ' ', 'î', 'î'), {'i': 'nice'}
7
i: ('á', 'ò', 'ò', ' ', 'ñ', ' '), {'i': 'nice'}
8
i: ('á', 'ò', 'ò', ' ', 'ñ', ' ', 'î', 'î'), {'i': 'nice'}
9
i: ('á', 'ò', 'ò', 'ñ', 'î', 'î'), {'i': 'nice'}
10
i: ('á', 'ò', 'ò', ' ', 'ñ', ' ', 'î', 'î'), {'i': 'nice'}
11
i: ('á', 'ò', 'ò', 'ñ', 'î', 'î'), {'i': 'nice'}
12
i: ('á', 'ò', 'ò', ' ', 'ñ', ' ', 'î', 'î'), {'i': 'nice'}
13
i: ('á', 'ò', 'ò', ' ', 'ñ', ' '), {'i': 'nice'}
14
i: ('á', 'ò', 'ò', ' ', 'ñ', ' ', 'î', 'î'), {'i': 'nice'}
15
i: ('á', 'ò', 'ò', ' ', ' ', 'î', 'î'), {'i': 'nice'}
16
i: ('á', 'ò', 'ò', ' ', ' ', 'î', 'î'), {'i': 'nice'}
17
i: ('á', 'ò', 'ò', ' ', 'ñ', ' ', 'î', 'î'), {'i': 'nice'}
18
i: ('á', 'ò', 'ò', ' ', 'ñ', ' ', 'î', 'î'), {'i': 'nice'}
19
i: ('á', 'ò', 'ò', 'ñ', 'î', 'î'), {'i': 'nice'}
20
i: ('á', 'ò', 'ò', ' ', 'ñ', ' ', 'î', 'î'), {'i': 'nice'}
21
i: ('á', 'ò', 'ò', ' ', 'ñ', ' ', 'î', 'î'), {'i': 'nice'}
22
i: ('á', 'ò', 'ò', 'ñ', 'î', 'î'), {'i': 'nice'}
23
i: ('á', ' ', 'ñ', ' ', 'î', 'î'), {'i': 'nice'}
24
i: ('á', 'ò', 'ò', ' ', ' ', 'î', 'î'), {'i': 'nice'}
25
i: ('á', 'ò', 'ò', ' ', 'ñ', ' ', 'î', 'î'), {'i': 'nice'}
26
i: ('á', 'ò', 'ò', ' ', 'ñ', ' ', 'î', 'î'), {'i': 'nice'}
27
i: ('á', ' ', 'ñ', ' ', 'î', 'î'), {'i': 'nice'}
28
i: ('á', 'ò', 'ò', 'ñ', 'î', 'î'), {'i': 'nice'}
29
i: ('á', 'ò', 'ò', ' ', 'ñ', ' ', 'î', 'î'), {'i': 'nice'}
30
i: ('á', 'ò', 'ò', ' ', 'ñ', ' ', 'î', 'î'), {'i': 'nice'}
31
i: ('ò', 'ò', ' ', 'ñ', ' ', 'î', 'î'), {'i': 'nice'}
32
