__init__: (10,), {}
i: ('ò', 'ò', ' ', 'ñ', ' ', 'î', 'î'), {'i': 'nice'}
1
i: ('á', 'ò', 'ò', ' ', 'ñ', ' ', 'î', 'î'), {'i': 'nice'}
2
i: ('á', 'ò', 'ò', ' ', 'ñ', ' ', 'î', 'î'), {'i': 'nice'}
3
i: ('á', 'ò', 'ò', 'ñ', 'î', 'î'), {'i': 'nice'}
4
i: ('á', ' ', 'ñ', ' ', 'î', 'î'), {'i': 'nice'}
5
i: ('á', 'ò', 'ò', ' ', 'ñ', ' ', 'î', 'î'), {'i': 'nice'}
6
i: ('á', 'ò', 'ò', ' ', 'ñ', ' ', 'î', 'î'), {'i': 'nice'}
7
i: ('á', 'ò', 'ò', ' ', ' ', 'î', 'î'), {'i': 'nice'}
8
i: ('á', ' ', 'ñ', ' ', 'î', 'î'), {'i': 'nice'}
9
i: ('á', 'ò', 'ò', 'ñ', 'î', 'î'), {'i': 'nice'}
10
i: ('á', 'ò', 'ò', ' ', 'ñ', ' ', 'î', 'î'), {'i': 'nice'}
11
i: ('á', 'ò', 'ò', ' ', 'ñ', ' ', 'î', 'î'), {'i': 'nice'}
12
i: ('á', 'ò', 'ò', 'ñ', 'î', 'î'), {'i': 'nice'}
13
i: ('á', 'ò', 'ò', ' ', 'ñ', ' ', 'î', 'î'), {'i': 'nice'}
14
i: ('á', 'ò', 'ò', ' ', 'ñ', ' ', 'î', 'î'), {'i': 'nice'}
15
i: ('á', 'ò', 'ò', ' ', ' ', 'î', 'î'), {'i': 'nice'}
16
i: ('á', 'ò', 'ò', ' ', ' ', 'î', 'î'), {'i': 'nice'}
17
i: ('á', 'ò', 'ò', ' ', 'ñ', ' ', 'î', 'î'), {'i': 'nice'}
18
i: ('á', 'ò', 'ò', ' ', 'ñ', ' '), {'i': 'nice'}
19
i: ('á', 'ò', 'ò', ' ', 'ñ', ' ', 'î', 'î'), {'i': 'nice'}
20
i: ('á', 'ò', 'ò', 'ñ', 'î', 'î'), {'i': 'nice'}
21
i: ('á', 'ò', 'ò', ' ', 'ñ', ' ', 'î', 'î'), {'i': 'nice'}
22
i: ('á', 'ò', 'ò', 'ñ', 'î', 'î'), {'i': 'nice'}
23
i: ('á', 'ò', 'ò', ' ', 'ñ', ' ', 'î', 'î'), {'i': 'nice'}
24
i: ('á', 'ò', 'ò', ' ', 'ñ', ' '), {'i': 'nice'}
25
i: ('á', 'ò', 'ò', ' ', 'ñ', ' ', 'î', 'î'), {'i': 'nice'}
26
i: ('á', 'ò', 'ò', ' ', 'ñ', ' ', 'î', 'î'), {'i': 'nice'}
27
i: ('á', 'ò', 'ò', ' ', 'ñ', ' ', 'î', 'î'), {'i': 'nice'}
28
i: ('á', 'ò', 'ò', ' ', 'ñ', ' '), {'i': 'nice'}
29
i: ('á', 'ò', 'ò', ' ', 'ñ', ' ', 'î', 'î'), {'i': 'nice'}
30
i: ('á', 'ò', 'ò', ' ', 'ñ', ' ', 'î', 'î'), {'i': 'nice'}
31
i: ('á', 'ò', 'ò', ' ', 'ñ', ' ', 'î', 'î'), {'i': 'nice'}
32
i: ('ò', 'ò', ' ', 'ñ', ' ', 'î', 'î'), {'i': 'nice'}
33
i: ('á', 'ò', 'ò', ' ', 'ñ', ' ', 'î', 'î'), {'i': 'nice'}
34
i: ('á', 'ò', 'ò', ' ', 'ñ', ' ', 'î', 'î'), {'i': 'nice'}
35
i: ('á', 'ò', 'ò', 'ñ', 'î', 'î'), {'i': 'nice'}
36
i: ('á', ' ', 'ñ', ' ', 'î', 'î'), {'i': 'nice'}
37
i: ('á', 'ò', 'ò', ' ', 'ñ', ' ', 'î', 'î'), {'i': 'nice'}
38
i: ('á', 'ò', 'ò', ' ', 'ñ', ' ', 'î', 'î'), {'i': 'nice'}
39
i: ('á', 'ò', 'ò', ' ', ' ', 'î', 'î'), {'i': 'nice'}
40
i: ('á', ' ', 'ñ', ' ', 'î', 'î'), {'i': 'nice'}
41
i: ('á', 'ò', 'ò', 'ñ', 'î', 'î'), {'i': 'nice'}
42
i: ('á', 'ò', 'ò', ' ', 'ñ', ' ', 'î', 'î'), {'i': 'nice'}
43
i: ('á', 'ò', 'ò', ' ', 'ñ', ' ', 'î', 'î'), {'i': 'nice'}
44
i: ('á', 'ò', 'ò', 'ñ', 'î', 'î'), {'i': 'nice'}
45
i: ('á', 'ò', 'ò', ' ', 'ñ', ' ', 'î', 'î'), {'i': 'nice'}
46
i: ('á', 'ò', 'ò', ' ', 'ñ', ' ', 'î', 'î'), {'i': 'nice'}
47
i: ('á', 'ò', 'ò', ' ', ' ', 'î', 'î'), {'i': 'nice'}
48
i: ('á', 'ò', 'ò', ' ', ' ', 'î', 'î'), {'i': 'nice'}
49
i: ('á', 'ò', 'ò', ' ', 'ñ', ' ', 'î', 'î'), {'i': 'nice'}
50
i: ('á', 'ò', 'ò', ' ', 'ñ', ' '), {'i': 'nice'}
51
i: ('á', 'ò', 'ò', ' ', 'ñ', ' ', 'î', 'î'), {'i': 'nice'}
52
i: ('á', 'ò', 'ò', 'ñ', 'î', 'î'), {'i': 'nice'}
53
i: ('á', 'ò', 'ò', ' ', 'ñ', ' ', 'î', 'î'), {'i': 'nice'}
54
i: ('á', 'ò', 'ò', 'ñ', 'î', 'î'), {'i': 'nice'}
55
i: ('á', 'ò', 'ò', ' ', 'ñ', ' ', 'î', 'î'), {'i': 'nice'}
56
i: ('á', 'ò', 'ò', ' ', 'ñ', ' '), {'i': 'nice'}
57
i: ('á', 'ò', 'ò', ' ', 'ñ', ' ', 'î', 'î'), {'i': 'nice'}
58
i: ('á', 'ò', 'ò', ' ', 'ñ', ' ', 'î', 'î'), {'i': 'nice'}
59
i: ('á', 'ò', 'ò', ' ', 'ñ', ' ', 'î', 'î'), {'i': 'nice'}
60
i: ('á', 'ò', 'ò', ' ', 'ñ', ' '), {'i': 'nice'}
61
i: ('á', 'ò', 'ò', ' ', 'ñ', ' ', 'î', 'î'), {'i': 'nice'}
62
i: ('á', 'ò', 'ò', ' ', 'ñ', ' ', 'î', 'î'), {'i': 'nice'}
63
i: ('á', 'ò', 'ò', ' ', 'ñ', ' ', 'î', 'î'), {'i': 'nice'}
64
i: ('ò', 'ò', ' ', 'ñ', ' ', 'î', 'î'), {'i': 'nice'}
65
i: ('á', 'ò', 'ò', ' ', 'ñ', ' ', 'î', 'î'), {'i': 'nice'}
66
i: ('á', 'ò', 'ò', ' ', 'ñ', ' ', 'î', 'î'), {'i': 'nice'}
67
i: ('á', 'ò', 'ò', 'ñ', 'î', 'î'), {'i': 'nice'}
68
i: ('á', ' ', 'ñ', ' ', 'î', 'î'), {'i': 'nice'}
69
i: ('á', 'ò', 'ò', ' ', 'ñ', ' ', 'î', 'î'), {'i': 'nice'}
70
i: ('á', 'ò', 'ò', ' ', 'ñ', ' ', 'î', 'î'), {'i': 'nice'}
71
i: ('á', 'ò', 'ò', ' ', ' ', 'î', 'î'), {'i': 'nice'}
72
i: ('á', ' ', 'ñ', ' ', 'î', 'î'), {'i': 'nice'}
73
i: ('á', 'ò', 'ò', 'ñ', 'î', 'î'), {'i': 'nice'}
74
i: ('á', 'ò', 'ò', ' ', 'ñ', ' ', 'î', 'î'), {'i': 'nice'}
75
i: ('á', 'ò', 'ò', ' ', 'ñ', ' ', 'î', 'î'), {'i': 'nice'}
76
i: ('á', 'ò', 'ò', 'ñ', 'î', 'î'), {'i': 'nice'}
77
i: ('á', 'ò', 'ò', ' ', 'ñ', ' ', 'î', 'î'), {'i': 'nice'}
78
i: ('á', 'ò', 'ò', ' ', 'ñ', ' ', 'î', 'î'), {'i': 'nice'}
79
i: ('á', 'ò', 'ò', ' ', ' ', 'î', 'î'), {'i': 'nice'}
80
i: ('á', 'ò', 'ò', ' ', ' ', 'î', 'î'), {'i': 'nice'}
81
i: ('á', 'ò', 'ò', ' ', 'ñ', ' ', 'î', 'î'), {'i': 'nice'}
82
i: ('á', 'ò', 'ò', ' ', 'ñ', ' '), {'i': 'nice'}
83
i: ('á', 'ò', 'ò', ' ', 'ñ', ' ', 'î', 'î'), {'i': 'nice'}
84
i: ('á', 'ò', 'ò', 'ñ', 'î', 'î'), {'i': 'nice'}
85
i: ('á', 'ò', 'ò', ' ', 'ñ', ' ', 'î', 'î'), {'i': 'nice'}
86
i: ('á', 'ò', 'ò', 'ñ', 'î', 'î'), {'i': 'nice'}
87
i: ('á', 'ò', 'ò', ' ', 'ñ', ' ', 'î', 'î'), {'i': 'nice'}
88
i: ('á', 'ò', 'ò', ' ', 'ñ', ' '), {'i': 'nice'}
89
i: ('á', 'ò', 'ò', ' ', 'ñ', ' ', 'î', 'î'), {'i': 'nice'}
90
i: ('á', 'ò', 'ò', ' ', 'ñ', ' ', 'î', 'î'), {'i': 'nice'}
91
i: ('á', 'ò', 'ò', ' ', 'ñ', ' ', 'î', 'î'), {'i': 'nice'}
92
i: ('á', 'ò', 'ò', ' ', 'ñ', ' '), {'i': 'nice'}
93
i: ('á', 'ò', 'ò', ' ', 'ñ', ' ', 'î', 'î'), {'i': 'nice'}
94
i: ('á', 'ò', 'ò', ' ', 'ñ', ' ', 'î', 'î'), {'i': 'nice'}
95
i: ('á', 'ò', 'ò', ' ', 'ñ', ' ', 'î', 'î'), {'i': 'nice'}
96
i: ('ò', 'ò', ' ', 'ñ', ' ', 'î', 'î'), {'i': 'nice'}
97
i: ('á', 'ò', 'ò', ' ', 'ñ', ' ', 'î', 'î'), {'i': 'nice'}
98
i: ('á', 'ò', 'ò', ' ', 'ñ', ' ', 'î', 'î'), {'i': 'nice'}
99
i: ('á', 'ò', 'ò', 'ñ', 'î', 'î'), {'i': 'nice'}
100
i: ('á', ' ', 'ñ', ' ', 'î', 'î'), {'i': 'nice'}
101
i: ('á', 'ò', 'ò', ' ', 'ñ', ' ', 'î', 'î'), {'i': 'nice'}
102
i: ('á', 'ò', 'ò', ' ', 'ñ', ' ', 'î', 'î'), {'i': 'nice'}
103
i: ('á', 'ò', 'ò', ' ', ' ', 'î', 'î'), {'i': 'nice'}
104
i: ('á', ' ', 'ñ', ' ', 'î', 'î'), {'i': 'nice'}
105
i: ('á', 'ò', 'ò', 'ñ', 'î', 'î'), {'i': 'nice'}
106
i: ('á', 'ò', 'ò', ' ', 'ñ', ' ', 'î', 'î'), {'i': 'nice'}
107
i: ('á', 'ò', 'ò', ' ', 'ñ', ' ', 'î', 'î'), {'i': 'nice'}
108
i: ('á', 'ò', 'ò', 'ñ', 'î', 'î'), {'i': 'nice'}
109
i: ('á', 'ò', 'ò', ' ', 'ñ', ' ', 'î', 'î'), {'i': 'nice'}
110
i: ('á', 'ò', 'ò', ' ', 'ñ', ' ', 'î', 'î'), {'i': 'nice'}
111
i: ('á', 'ò', 'ò', ' ', ' ', 'î', 'î'), {'i': 'nice'}
112
i: ('á', 'ò', 'ò', ' ', ' ', 'î', 'î'), {'i': 'nice'}
113
i: ('á', 'ò', 'ò', ' ', 'ñ', ' ', 'î', 'î'), {'i': 'nice'}
114
i: ('á', 'ò', 'ò', ' ', 'ñ', ' '), {'i': 'nice'}
115
i: ('á', 'ò', 'ò', ' ', 'ñ', ' ', 'î', 'î'), {'i': 'nice'}
116
i: ('á', 'ò', 'ò', 'ñ', 'î', 'î'), {'i': 'nice'}
117
i: ('á', 'ò', 'ò', ' ', 'ñ', ' ', 'î', 'î'), {'i': 'nice'}
118
i: ('á', 'ò', 'ò', 'ñ', 'î', 'î'), {'i': 'nice'}
119
i: ('á', 'ò', 'ò', ' ', 'ñ', ' ', 'î', 'î'), {'i': 'nice'}
120
i: ('á', 'ò', 'ò', ' ', 'ñ', ' '), {'i': 'nice'}
121
i: ('á', 'ò', 'ò', ' ', 'ñ', ' ', 'î', 'î'), {'i': 'nice'}
122
i: ('á', 'ò', 'ò', ' ', 'ñ', ' ', 'î', 'î'), {'i': 'nice'}
123
i: ('á', 'ò', 'ò', ' ', 'ñ', ' ', 'î', 'î'), {'i': 'nice'}
124
i: ('á', 'ò', 'ò', ' ', 'ñ', ' '), {'i': 'nice'}
125
i: ('á', 'ò', 'ò', ' ', 'ñ', ' ', 'î', 'î'), {'i': 'nice'}
126
i: ('á', 'ò', 'ò', ' ', 'ñ', ' ', 'î', 'î'), {'i': 'nice'}
127
i: ('á', 'ò', 'ò', ' ', 'ñ', ' ', 'î', 'î'), {'i': 'nice'}
128
i: ('ò', 'ò', ' ', 'ñ', ' ', 'î', 'î'), {'i': 'nice'}
129
i: ('á', 'ò', 'ò', ' ', 'ñ', ' ', 'î', 'î'), {'i': 'nice'}
130
i: ('á', 'ò', 'ò', ' ', 'ñ', ' ', 'î', 'î'), {'i': 'nice'}
131
i: ('á', 'ò', 'ò', 'ñ', 'î', 'î'), {'i': 'nice'}
132
i: ('á', ' ', 'ñ', ' ', 'î', 'î'), {'i': 'nice'}
133
i: ('á', 'ò', 'ò', ' ', 'ñ', ' ', 'î', 'î'), {'i': 'nice'}
134
i: ('á', 'ò', 'ò', ' ', 'ñ', ' ', 'î', 'î'), {'i': 'nice'}
135
i: ('á', 'ò', 'ò', ' ', ' ', 'î', 'î'), {'i': 'nice'}
136
i: ('á', ' ', 'ñ', ' ', 'î', 'î'), {'i': 'nice'}
137
i: ('á', 'ò', 'ò', 'ñ', 'î', 'î'), {'i': 'nice'}
138
i: ('á', 'ò', 'ò', ' ', 'ñ', ' ', 'î', 'î'), {'i': 'nice'}
139
i: ('á', 'ò', 'ò', ' ', 'ñ', ' ', 'î', 'î'), {'i': 'nice'}
140
i: ('á', 'ò', 'ò', 'ñ', 'î', 'î'), {'i': 'nice'}
141
i: ('á', 'ò', 'ò', ' ', 'ñ', ' ', 'î', 'î'), {'i': 'nice'}
142
i: ('á', 'ò', 'ò', ' ', 'ñ', ' ', 'î', 'î'), {'i': 'nice'}
143
i: ('á', 'ò', 'ò', ' ', ' ', 'î', 'î'), {'i': 'nice'}
144
i: ('á', 'ò', 'ò', ' ', ' ', 'î', 'î'), {'i': 'nice'}
145
i: ('á', 'ò', 'ò', ' ', 'ñ', ' ', 'î', 'î'), {'i': 'nice'}
146
i: ('á', 'ò', 'ò', ' ', 'ñ', ' '), {'i': 'nice'}
147
i: ('á', 'ò', 'ò', ' ', 'ñ', ' ', 'î', 'î'), {'i': 'nice'}
148
i: ('á', 'ò', 'ò', 'ñ', 'î', 'î'), {'i': 'nice'}
149
i: ('á', 'ò', 'ò', ' ', 'ñ', ' ', 'î', 'î'), {'i': 'nice'}
150
i: ('á', 'ò', 'ò', 'ñ', 'î', 'î'), {'i': 'nice'}
151
i: ('á', 'ò', 'ò', ' ', 'ñ', ' ', 'î', 'î'), {'i': 'nice'}
152
i: ('á', 'ò', 'ò', ' ', 'ñ', ' '), {'i': 'nice'}
153
i: ('á', 'ò', 'ò', ' ', 'ñ', ' ', 'î', 'î'), {'i': 'nice'}
154
i: ('á', 'ò', 'ò', ' ', 'ñ', ' ', 'î', 'î'), {'i': 'nice'}
155
i: ('á', 'ò', 'ò', ' ', 'ñ', ' ', 'î', 'î'), {'i': 'nice'}
156
i: ('á', 'ò', 'ò', ' ', 'ñ', ' '), {'i': 'nice'}
157
i: ('á', 'ò', 'ò', ' ', 'ñ', ' ', 'î', 'î'), {'i': 'nice'}
158
i: ('á', 'ò', 'ò', ' ', 'ñ', ' ', 'î', 'î'), {'i': 'nice'}
159
i: ('á', 'ò', 'ò', ' ', 'ñ', ' ', 'î', 'î'), {'i': 'nice'}
160
i: ('ò', 'ò', ' ', 'ñ', ' ', 'î', 'î'), {'i': 'nice'}
161
i: ('á', 'ò', 'ò', ' ', 'ñ', ' ', 'î', 'î'), {'i': 'nice'}
162
i: ('á', 'ò', 'ò', ' ', 'ñ', ' ', 'î', 'î'), {'i': 'nice'}
163
i: ('á', 'ò', 'ò', 'ñ', 'î', 'î'), {'i': 'nice'}
164
i: ('á', ' ', 'ñ', ' ', 'î', 'î'), {'i': 'nice'}
165
i: ('á', 'ò', 'ò', ' ', 'ñ', ' ', 'î', 'î'), {'i': 'nice'}
166
i: ('á', 'ò', 'ò', ' ', 'ñ', ' ', 'î', 'î'), {'i': 'nice'}
167
i: ('á', 'ò', 'ò', ' ', ' ', 'î', 'î'), {'i': 'nice'}
168
i: ('á', ' ', 'ñ', ' ', 'î', 'î'), {'i': 'nice'}
169
i: ('á', 'ò', 'ò', 'ñ', 'î', 'î'), {'i': 'nice'}
170
i: ('á', 'ò', 'ò', ' ', 'ñ', ' ', 'î', 'î'), {'i': 'nice'}
171
i: ('á', 'ò', 'ò', ' ', 'ñ', ' ', 'î', 'î'), {'i': 'nice'}
172
i: ('á', 'ò', 'ò', 'ñ', 'î', 'î'), {'i': 'nice'}
173
i: ('á', 'ò', 'ò', ' ', 'ñ', ' ', 'î', 'î'), {'i': 'nice'}
174
i: ('á', 'ò', 'ò', ' ', 'ñ', ' ', 'î', 'î'), {'i': 'nice'}
175
i: ('á', 'ò', 'ò', ' ', ' ', 'î', 'î'), {'i': 'nice'}
176
i: ('á', 'ò', 'ò', ' ', ' ', 'î', 'î'), {'i': 'nice'}
177
i: ('á', 'ò', 'ò', ' ', 'ñ', ' ', 'î', 'î'), {'i': 'nice'}
178
i: ('á', 'ò', 'ò', ' ', 'ñ', ' '), {'i': 'nice'}
179
i: ('á', 'ò', 'ò', ' ', 'ñ', ' ', 'î', 'î'), {'i': 'nice'}
180
i: ('á', 'ò', 'ò', 'ñ', 'î', 'î'), {'i': 'nice'}
181
i: ('á', 'ò', 'ò', ' ', 'ñ', ' ', 'î', 'î'), {'i': 'nice'}
182
i: ('á', 'ò', 'ò', 'ñ', 'î', 'î'), {'i': 'nice'}
183
i: ('á', 'ò', 'ò', ' ', 'ñ', ' ', 'î', 'î'), {'i': 'nice'}
184
i: ('á', 'ò', 'ò', ' ', 'ñ', ' '), {'i': 'nice'}
185
i: ('á', 'ò', 'ò', ' ', 'ñ', ' ', 'î', 'î'), {'i': 'nice'}
186
i: ('á', 'ò', 'ò', ' ', 'ñ', ' ', 'î', 'î'), {'i': 'nice'}
187
i: ('á', 'ò', 'ò', ' ', 'ñ', ' ', 'î', 'î'), {'i': 'nice'}
188
i: ('á', 'ò', 'ò', ' ', 'ñ', ' '), {'i': 'nice'}
189
i: ('á', 'ò', 'ò', ' ', 'ñ', ' ', 'î', 'î'), {'i': 'nice'}
190
i: ('á', 'ò', 'ò', ' ', 'ñ', ' ', 'î', 'î'), {'i': 'nice'}
191
i: ('á', 'ò', 'ò', ' ', 'ñ', ' ', 'î', 'î'), {'i': 'nice'}
192
i: ('ò', 'ò', ' ', 'ñ', ' ', 'î', 'î'), {'i': 'nice'}
193
i: ('á', 'ò', 'ò', ' ', 'ñ', ' ', 'î', 'î'), {'i': 'nice'}
194
i: ('á', 'ò', 'ò', ' ', 'ñ', ' ', 'î', 'î'), {'i': 'nice'}
195
i: ('á', 'ò', 'ò', 'ñ', 'î', 'î'), {'i': 'nice'}
196
i: ('á', ' ', 'ñ', ' ', 'î', 'î'), {'i': 'nice'}
197
i: ('á', 'ò', 'ò', ' ', 'ñ', ' ', 'î', 'î'), {'i': 'nice'}
198
i: ('á', 'ò', 'ò', ' ', 'ñ', ' ', 'î', 'î'), {'i': 'nice'}
199
i: ('á', 'ò', 'ò', ' ', ' ', 'î', 'î'), {'i': 'nice'}
200
i: ('á', ' ', 'ñ', ' ', 'î', 'î'), {'i': 'nice'}
201
i: ('á', 'ò', 'ò', 'ñ', 'î', 'î'), {'i': 'nice'}
202
i: ('á', 'ò', 'ò', ' ', 'ñ', ' ', 'î', 'î'), {'i': 'nice'}
203
i: ('á', 'ò', 'ò', ' ', 'ñ', ' ', 'î', 'î'), {'i': 'nice'}
204
i: ('á', 'ò', 'ò', 'ñ', 'î', 'î'), {'i': 'nice'}
205
i: ('á', 'ò', 'ò', ' ', 'ñ', ' ', 'î', 'î'), {'i': 'nice'}
206
i: ('á', 'ò', 'ò', ' ', 'ñ', ' ', 'î', 'î'), {'i': 'nice'}
207
i: ('á', 'ò', 'ò', ' ', ' ', 'î', 'î'), {'i': 'nice'}
208
i: ('á', 'ò', 'ò', ' ', ' ', 'î', 'î'), {'i': 'nice'}
209
i: ('á', 'ò', 'ò', ' ', 'ñ', ' ', 'î', 'î'), {'i': 'nice'}
210
i: ('á', 'ò', 'ò', ' ', 'ñ', ' '), {'i': 'nice'}
211
i: ('á', 'ò', 'ò', ' ', 'ñ', ' ', 'î', 'î'), {'i': 'nice'}
212
i: ('á', 'ò', 'ò', 'ñ', 'î', 'î'), {'i': 'nice'}
213
i: ('á', 'ò', 'ò', ' ', 'ñ', ' ', 'î', 'î'), {'i': 'nice'}
214
i: ('á', 'ò', 'ò', 'ñ', 'î', 'î'), {'i': 'nice'}
215
i: ('á', 'ò', 'ò', ' ', 'ñ', ' ', 'î', 'î'), {'i': 'nice'}
216
i: ('á', 'ò', 'ò', ' ', 'ñ', ' '), {'i': 'nice'}
217
i: ('á', 'ò', 'ò', ' ', 'ñ', ' ', 'î', 'î'), {'i': 'nice'}
218
i: ('á', 'ò', 'ò', ' ', 'ñ', ' ', 'î', 'î'), {'i': 'nice'}
219
i: ('á', 'ò', 'ò', ' ', 'ñ', ' ', 'î', 'î'), {'i': 'nice'}
220
i: ('á', 'ò', 'ò', ' ', 'ñ', ' '), {'i': 'nice'}
221
i: ('á', 'ò', 'ò', ' ', 'ñ', ' ', 'î', 'î'), {'i': 'nice'}
222
i: ('á', 'ò', 'ò', ' ', 'ñ', ' ', 'î', 'î'), {'i': 'nice'}
223
i: ('á', 'ò', 'ò', ' ', 'ñ', ' ', 'î', 'î'), {'i': 'nice'}
224
i: ('ò', 'ò', ' ', 'ñ', ' ', 'î', 'î'), {'i': 'nice'}
225
i: ('á', 'ò', 'ò', ' ', 'ñ', ' ', 'î', 'î'), {'i': 'nice'}
226
i: ('á', 'ò', 'ò', ' ', 'ñ', ' ', 'î', 'î'), {'i': 'nice'}
227
i: ('á', 'ò', 'ò', 'ñ', 'î', 'î'), {'i': 'nice'}
228
i: ('á', ' ', 'ñ', ' ', 'î', 'î'), {'i': 'nice'}
229
i: ('á', 'ò', 'ò', ' ', 'ñ', ' ', 'î', 'î'), {'i': 'nice'}
230
i: ('á', 'ò', 'ò', ' ', 'ñ', ' ', 'î', 'î'), {'i': 'nice'}
231
i: ('á', 'ò', 'ò', ' ', ' ', 'î', 'î'), {'i': 'nice'}
232
i: ('á', ' ', 'ñ', ' ', 'î', 'î'), {'i': 'nice'}
233
i: ('á', 'ò', 'ò', 'ñ', 'î', 'î'), {'i': 'nice'}
234
i: ('á', 'ò', 'ò', ' ', 'ñ', ' ', 'î', 'î'), {'i': 'nice'}
235
i: ('á', 'ò', 'ò', ' ', 'ñ', ' ', 'î', 'î'), {'i': 'nice'}
236
i: ('á', 'ò', 'ò', 'ñ', 'î', 'î'), {'i': 'nice'}
237
i: ('á', 'ò', 'ò', ' ', 'ñ', ' ', 'î', 'î'), {'i': 'nice'}
238
i: ('á', 'ò', 'ò', ' ', 'ñ', ' ', 'î', 'î'), {'i': 'nice'}
239
i: ('á', 'ò', 'ò', ' ', ' ', 'î', 'î'), {'i': 'nice'}
240
i: ('á', 'ò', 'ò', ' ', ' ', 'î', 'î'), {'i': 'nice'}
241
i: ('á', 'ò', 'ò', ' ', 'ñ', ' ', 'î', 'î'), {'i': 'nice'}
242
i: ('á', 'ò', 'ò', ' ', 'ñ', ' '), {'i': 'nice'}
243
i: ('á', 'ò', 'ò', ' ', 'ñ', ' ', 'î', 'î'), {'i': 'nice'}
244
i: ('á', 'ò', 'ò', 'ñ', 'î', 'î'), {'i': 'nice'}
245
i: ('á', 'ò', 'ò', ' ', 'ñ', ' ', 'î', 'î'), {'i': 'nice'}
246
i: ('á', 'ò', 'ò', 'ñ', 'î', 'î'), {'i': 'nice'}
247
i: ('á', 'ò', 'ò', ' ', 'ñ', ' ', 'î', 'î'), {'i': 'nice'}
248
i: ('á', 'ò', 'ò', ' ', 'ñ', ' '), {'i': 'nice'}
249
i: ('á', 'ò', 'ò', ' ', 'ñ', ' ', 'î', 'î'), {'i': 'nice'}
250
i: ('á', 'ò', 'ò', ' ', 'ñ', ' ', 'î', 'î'), {'i': 'nice'}
251
i: ('á', 'ò', 'ò', ' ', 'ñ', ' ', 'î', 'î'), {'i': 'nice'}
252
i: ('á', 'ò', 'ò', ' ', 'ñ', ' '), {'i': 'nice'}
253
i: ('á', 'ò', 'ò', ' ', 'ñ', ' ', 'î', 'î'), {'i': 'nice'}
254
i: ('á', 'ò', 'ò', ' ', 'ñ', ' ', 'î', 'î'), {'i': 'nice'}
255
i: ('á', 'ò', 'ò', ' ', 'ñ', ' ', 'î', 'î'), {'i': 'nice'}
256
i: ('ò', 'ò', ' ', 'ñ', ' ', 'î', 'î'), {'i': 'nice'}
257
i: ('á', 'ò', 'ò', ' ', 'ñ', ' ', 'î', 'î'), {'i': 'nice'}
258
i: ('á', 'ò', 'ò', ' ', 'ñ', ' ', 'î', 'î'), {'i': 'nice'}
259
i: ('á', 'ò', 'ò', 'ñ', 'î', 'î'), {'i': 'nice'}
260
i: ('á', ' ', 'ñ', ' ', 'î', 'î'), {'i': 'nice'}
261
i: ('á', 'ò', 'ò', ' ', 'ñ', ' ', 'î', 'î'), {'i': 'nice'}
262
i: ('á', 'ò', 'ò', ' ', 'ñ', ' ', 'î', 'î'), {'i': 'nice'}
263
i: ('á', 'ò', 'ò', ' ', ' ', 'î', 'î'), {'i': 'nice'}
264
i: ('á', ' ', 'ñ', ' ', 'î', 'î'), {'i': 'nice'}
265
i: ('á', 'ò', 'ò', 'ñ', 'î', 'î'), {'i': 'nice'}
266
i: ('á', 'ò', 'ò', ' ', 'ñ', ' ', 'î', 'î'), {'i': 'nice'}
267
i: ('á', 'ò', 'ò', ' ', 'ñ', ' ', 'î', 'î'), {'i': 'nice'}
268
i: ('á', 'ò', 'ò', 'ñ', 'î', 'î'), {'i': 'nice'}
269
i: ('á', 'ò', 'ò', ' ', 'ñ', ' ', 'î', 'î'), {'i': 'nice'}
270
i: ('á', 'ò', 'ò', ' ', 'ñ', ' ', 'î', 'î'), {'i': 'nice'}
271
i: ('á', 'ò', 'ò', ' ', ' ', 'î', 'î'), {'i': 'nice'}
272
i: ('á', 'ò', 'ò', ' ', ' ', 'î', 'î'), {'i': 'nice'}
273
i: ('á', 'ò', 'ò', ' ', 'ñ', ' ', 'î', 'î'), {'i': 'nice'}
274
i: ('á', 'ò', 'ò', ' ', 'ñ', ' '), {'i': 'nice'}
275
i: ('á', 'ò', 'ò', ' ', 'ñ', ' ', 'î', 'î'), {'i': 'nice'}
276
i: ('á', 'ò', 'ò', 'ñ', 'î', 'î'), {'i': 'nice'}
277
i: ('á', 'ò', 'ò', ' ', 'ñ', ' ', 'î', 'î'), {'i': 'nice'}
278
i: ('á', 'ò', 'ò', 'ñ', 'î', 'î'), {'i': 'nice'}
279
i: ('á', 'ò', 'ò', ' ', 'ñ', ' ', 'î', 'î'), {'i': 'nice'}
280
i: ('á', 'ò', 'ò', ' ', 'ñ', ' '), {'i': 'nice'}
281
i: ('á', 'ò', 'ò', ' ', 'ñ', ' ', 'î', 'î'), {'i': 'nice'}
282
i: ('á', 'ò', 'ò', ' ', 'ñ', ' ', 'î', 'î'), {'i': 'nice'}
283
i: ('á', 'ò', 'ò', ' ', 'ñ', ' ', 'î', 'î'), {'i': 'nice'}
284
i: ('á', 'ò', 'ò', ' ', 'ñ', ' '), {'i': 'nice'}
285
i: ('á', 'ò', 'ò', ' ', 'ñ', ' ', 'î', 'î'), {'i': 'nice'}
286
i: ('á', 'ò', 'ò', ' ', 'ñ', ' ', 'î', 'î'), {'i': 'nice'}
287
i: ('á', 'ò', 'ò', ' ', 'ñ', ' ', 'î', 'î'), {'i': 'nice'}
288
i: ('ò', 'ò', ' ', 'ñ', ' ', 'î', 'î'), {'i': 'nice'}
289
i: ('á', 'ò', 'ò', ' ', 'ñ', ' ', 'î', 'î'), {'i': 'nice'}
290
i: ('á', 'ò', 'ò', ' ', 'ñ', ' ', 'î', 'î'), {'i': 'nice'}
291
i: ('á', 'ò', 'ò', 'ñ', 'î', 'î'), {'i': 'nice'}
292
i: ('á', ' ', 'ñ', ' ', 'î', 'î'), {'i': 'nice'}
293
i: ('á', 'ò', 'ò', ' ', 'ñ', ' ', 'î', 'î'), {'i': 'nice'}
294
i: ('á', 'ò', 'ò', ' ', 'ñ', ' ', 'î', 'î'), {'i': 'nice'}
295
i: ('á', 'ò', 'ò', ' ', ' ', 'î', 'î'), {'i': 'nice'}
296
i: ('á', ' ', 'ñ', ' ', 'î', 'î'), {'i': 'nice'}
297
i: ('á', 'ò', 'ò', 'ñ', 'î', 'î'), {'i': 'nice'}
298
i: ('á', 'ò', 'ò', ' ', 'ñ', ' ', 'î', 'î'), {'i': 'nice'}
299
i: ('á', 'ò', 'ò', ' ', 'ñ', ' ', 'î', 'î'), {'i': 'nice'}
300
i: ('á', 'ò', 'ò', 'ñ', 'î', 'î'), {'i': 'nice'}
301
i: ('á', 'ò', 'ò', ' ', 'ñ', ' ', 'î', 'î'), {'i': 'nice'}
302
i: ('á', 'ò', 'ò', ' ', 'ñ', ' ', 'î', 'î'), {'i': 'nice'}
303
i: ('á', 'ò', 'ò', ' ', ' ', 'î', 'î'), {'i': 'nice'}
304
i: ('á', 'ò', 'ò', ' ', ' ', 'î', 'î'), {'i': 'nice'}
305
i: ('á', 'ò', 'ò', ' ', 'ñ', ' ', 'î', 'î'), {'i': 'nice'}
306
i: ('á', 'ò', 'ò', ' ', 'ñ', ' '), {'i': 'nice'}
307
i: ('á', 'ò', 'ò', ' ', 'ñ', ' ', 'î', 'î'), {'i': 'nice'}
308
i: ('á', 'ò', 'ò', 'ñ', 'î', 'î'), {'i': 'nice'}
309
i: ('á', 'ò', 'ò', ' ', 'ñ', ' ', 'î', 'î'), {'i': 'nice'}
310
i: ('á', 'ò', 'ò', 'ñ', 'î', 'î'), {'i': 'nice'}
311
i: ('á', 'ò', 'ò', ' ', 'ñ', ' ', 'î', 'î'), {'i': 'nice'}
312
i: ('á', 'ò', 'ò', ' ', 'ñ', ' '), {'i': 'nice'}
313
i: ('á', 'ò', 'ò', ' ', 'ñ', ' ', 'î', 'î'), {'i': 'nice'}
314
i: ('á', 'ò', 'ò', ' ', 'ñ', ' ', 'î', 'î'), {'i': 'nice'}
315
i: ('á', 'ò', 'ò', ' ', 'ñ', ' ', 'î', 'î'), {'i': 'nice'}
316
i: ('á', 'ò', 'ò', ' ', 'ñ', ' '), {'i': 'nice'}
317
i: ('á', 'ò', 'ò', ' ', 'ñ', ' ', 'î', 'î'), {'i': 'nice'}
318
i: ('á', 'ò', 'ò', ' ', 'ñ', ' ', 'î', 'î'), {'i': 'nice'}
319
i: ('á', 'ò', 'ò', ' ', 'ñ', ' ', 'î', 'î'), {'i': 'nice'}
320
i: ('ò', 'ò', ' ', 'ñ', ' ', 'î', 'î'), {'i': 'nice'}
321
i: ('á', 'ò', 'ò', ' ', 'ñ', ' ', 'î', 'î'), {'i': 'nice'}
322
i: ('á', 'ò', 'ò', ' ', 'ñ', ' ', 'î', 'î'), {'i': 'nice'}
323
i: ('á', 'ò', 'ò', 'ñ', 'î', 'î'), {'i': 'nice'}
324
i: ('á', ' ', 'ñ', ' ', 'î', 'î'), {'i': 'nice'}
325
i: ('á', 'ò', 'ò', ' ', 'ñ', ' ', 'î', 'î'), {'i': 'nice'}
326
i: ('á', 'ò', 'ò', ' ', 'ñ', ' ', 'î', 'î'), {'i': 'nice'}
327
i: ('á', 'ò', 'ò', ' ', ' ', 'î', 'î'), {'i': 'nice'}
328
i: ('á', ' ', 'ñ', ' ', 'î', 'î'), {'i': 'nice'}
329
i: ('á', 'ò', 'ò', 'ñ', 'î', 'î'), {'i': 'nice'}
330
i: ('á', 'ò', 'ò', ' ', 'ñ', ' ', 'î', 'î'), {'i': 'nice'}
331
i: ('á', 'ò', 'ò', ' ', 'ñ', ' ', 'î', 'î'), {'i': 'nice'}
332
i: ('á', 'ò', 'ò', 'ñ', 'î', 'î'), {'i': 'nice'}
333
i: ('á', 'ò', 'ò', ' ', 'ñ', ' ', 'î', 'î'), {'i': 'nice'}
334
i: ('á', 'ò', 'ò', ' ', 'ñ', ' ', 'î', 'î'), {'i': 'nice'}
335
i: ('á', 'ò', 'ò', ' ', ' ', 'î', 'î'), {'i': 'nice'}
336
i: ('á', 'ò', 'ò', ' ', ' ', 'î', 'î'), {'i': 'nice'}
337
i: ('á', 'ò', 'ò', ' ', 'ñ', ' ', 'î', 'î'), {'i': 'nice'}
338
i: ('á', 'ò', 'ò', ' ', 'ñ', ' '), {'i': 'nice'}
339
i: ('á', 'ò', 'ò', ' ', 'ñ', ' ', 'î', 'î'), {'i': 'nice'}
340
i: ('á', 'ò', 'ò', 'ñ', 'î', 'î'), {'i': 'nice'}
341
i: ('á', 'ò', 'ò', ' ', 'ñ', ' ', 'î', 'î'), {'i': 'nice'}
342
i: ('á', 'ò', 'ò', 'ñ', 'î', 'î'), {'i': 'nice'}
343
i: ('á', 'ò', 'ò', ' ', 'ñ', ' ', 'î', 'î'), {'i': 'nice'}
344
i: ('á', 'ò', 'ò', ' ', 'ñ', ' '), {'i': 'nice'}
345
i: ('á', 'ò', 'ò', ' ', 'ñ', ' ', 'î', 'î'), {'i': 'nice'}
346
i: ('á', 'ò', 'ò', ' ', 'ñ', ' ', 'î', 'î'), {'i': 'nice'}
347
i: ('á', 'ò', 'ò', ' ', 'ñ', ' ', 'î', 'î'), {'i': 'nice'}
348
i: ('á', 'ò', 'ò', ' ', 'ñ', ' '), {'i': 'nice'}
349
i: ('á', 'ò', 'ò', ' ', 'ñ', ' ', 'î', 'î'), {'i': 'nice'}
350
i: ('á', 'ò', 'ò', ' ', 'ñ', ' ', 'î', 'î'), {'i': 'nice'}
351
i: ('á', 'ò', 'ò', ' ', 'ñ', ' ', 'î', 'î'), {'i': 'nice'}
352
i: ('ò', 'ò', ' ', 'ñ', ' ', 'î', 'î'), {'i': 'nice'}
353
i: ('á', 'ò', 'ò', ' ', 'ñ', ' ', 'î', 'î'), {'i': 'nice'}
354
i: ('á', 'ò', 'ò', ' ', 'ñ', ' ', 'î', 'î'), {'i': 'nice'}
355
i: ('á', 'ò', 'ò', 'ñ', 'î', 'î'), {'i': 'nice'}
356
i: ('á', ' ', 'ñ', ' ', 'î', 'î'), {'i': 'nice'}
357
i: ('á', 'ò', 'ò', ' ', 'ñ', ' ', 'î', 'î'), {'i': 'nice'}
358
i: ('á', 'ò', 'ò', ' ', 'ñ', ' ', 'î', 'î'), {'i': 'nice'}
359
i: ('á', 'ò', 'ò', ' ', ' ', 'î', 'î'), {'i': 'nice'}
360
i: ('á', ' ', 'ñ', ' ', 'î', 'î'), {'i': 'nice'}
361
i: ('á', 'ò', 'ò', 'ñ', 'î', 'î'), {'i': 'nice'}
362
i: ('á', 'ò', 'ò', ' ', 'ñ', ' ', 'î', 'î'), {'i': 'nice'}
363
i: ('á', 'ò', 'ò', ' ', 'ñ', ' ', 'î', 'î'), {'i': 'nice'}
364
i: ('á', 'ò', 'ò', 'ñ', 'î', 'î'), {'i': 'nice'}
365
i: ('á', 'ò', 'ò', ' ', 'ñ', ' ', 'î', 'î'), {'i': 'nice'}
366
i: ('á', 'ò', 'ò', ' ', 'ñ', ' ', 'î', 'î'), {'i': 'nice'}
367
i: ('á', 'ò', 'ò', ' ', ' ', 'î', 'î'), {'i': 'nice'}
368
i: ('á', 'ò', 'ò', ' ', ' ', 'î', 'î'), {'i': 'nice'}
369
i: ('á', 'ò', 'ò', ' ', 'ñ', ' ', 'î', 'î'), {'i': 'nice'}
370
i: ('á', 'ò', 'ò', ' ', 'ñ', ' '), {'i': 'nice'}
371
i: ('á', 'ò', 'ò', ' ', 'ñ', ' ', 'î', 'î'), {'i': 'nice'}
372
i: ('á', 'ò', 'ò', 'ñ', 'î', 'î'), {'i': 'nice'}
373
i: ('á', 'ò', 'ò', ' ', 'ñ', ' ', 'î', 'î'), {'i': 'nice'}
374
i: ('á', 'ò', 'ò', 'ñ', 'î', 'î'), {'i': 'nice'}
375
i: ('á', 'ò', 'ò', ' ', 'ñ', ' ', 'î', 'î'), {'i': 'nice'}
376
i: ('á', 'ò', 'ò', ' ', 'ñ', ' '), {'i': 'nice'}
377
i: ('á', 'ò', 'ò', ' ', 'ñ', ' ', 'î', 'î'), {'i': 'nice'}
378
i: ('á', 'ò', 'ò', ' ', 'ñ', ' ', 'î', 'î'), {'i': 'nice'}
379
i: ('á', 'ò', 'ò', ' ', 'ñ', ' ', 'î', 'î'), {'i': 'nice'}
380
i: ('á', 'ò', 'ò', ' ', 'ñ', ' '), {'i': 'nice'}
381
i: ('á', 'ò', 'ò', ' ', 'ñ', ' ', 'î', 'î'), {'i': 'nice'}
382
i: ('á', 'ò', 'ò', ' ', 'ñ', ' ', 'î', 'î'), {'i': 'nice'}
383
i: ('á', 'ò', 'ò', ' ', 'ñ', ' ', 'î', 'î'), {'i': 'nice'}
384
i: ('ò', 'ò', ' ', 'ñ', ' ', 'î', 'î'), {'i': 'nice'}
385
i: ('á', 'ò', 'ò', ' ', 'ñ', ' ', 'î', 'î'), {'i': 'nice'}
386
i: ('á', 'ò', 'ò', ' ', 'ñ', ' ', 'î', 'î'), {'i': 'nice'}
387
i: ('á', 'ò', 'ò', 'ñ', 'î', 'î'), {'i': 'nice'}
388
i: ('á', ' ', 'ñ', ' ', 'î', 'î'), {'i': 'nice'}
389
i: ('á', 'ò', 'ò', ' ', 'ñ', ' ', 'î', 'î'), {'i': 'nice'}
390
i: ('á', 'ò', 'ò', ' ', 'ñ', ' ', 'î', 'î'), {'i': 'nice'}
391
i: ('á', 'ò', 'ò', ' ', ' ', 'î', 'î'), {'i': 'nice'}
392
i: ('á', ' ', 'ñ', ' ', 'î', 'î'), {'i': 'nice'}
393
i: ('á', 'ò', 'ò', 'ñ', 'î', 'î'), {'i': 'nice'}
394
i: ('á', 'ò', 'ò', ' ', 'ñ', ' ', 'î', 'î'), {'i': 'nice'}
395
i: ('á', 'ò', 'ò', ' ', 'ñ', ' ', 'î', 'î'), {'i': 'nice'}
396
i: ('á', 'ò', 'ò', 'ñ', 'î', 'î'), {'i': 'nice'}
397
i: ('á', 'ò', 'ò', ' ', 'ñ', ' ', 'î', 'î'), {'i': 'nice'}
398
i: ('á', 'ò', 'ò', ' ', 'ñ', ' ', 'î', 'î'), {'i': 'nice'}
399
i: ('á', 'ò', 'ò', ' ', ' ', 'î', 'î'), {'i': 'nice'}
400
i: ('á', 'ò', 'ò', ' ', ' ', 'î', 'î'), {'i': 'nice'}
401
i: ('á', 'ò', 'ò', ' ', 'ñ', ' ', 'î', 'î'), {'i': 'nice'}
402
i: ('á', 'ò', 'ò', ' ', 'ñ', ' '), {'i': 'nice'}
403
i: ('á', 'ò', 'ò', ' ', 'ñ', ' ', 'î', 'î'), {'i': 'nice'}
404
i: ('á', 'ò', 'ò', 'ñ', 'î', 'î'), {'i': 'nice'}
405
i: ('á', 'ò', 'ò', ' ', 'ñ', ' ', 'î', 'î'), {'i': 'nice'}
406
i: ('á', 'ò', 'ò', 'ñ', 'î', 'î'), {'i': 'nice'}
407
i: ('á', 'ò', 'ò', ' ', 'ñ', ' ', 'î', 'î'), {'i': 'nice'}
408
i: ('á', 'ò', 'ò', ' ', 'ñ', ' '), {'i': 'nice'}
409
i: ('á', 'ò', 'ò', ' ', 'ñ', ' ', 'î', 'î'), {'i': 'nice'}
410
i: ('á', 'ò', 'ò', ' ', 'ñ', ' ', 'î', 'î'), {'i': 'nice'}
411
i: ('á', 'ò', 'ò', ' ', 'ñ', ' ', 'î', 'î'), {'i': 'nice'}
412
i: ('á', 'ò', 'ò', ' ', 'ñ', ' '), {'i': 'nice'}
413
i: ('á', 'ò', 'ò', ' ', 'ñ', ' ', 'î', 'î'), {'i': 'nice'}
414
i: ('á', 'ò', 'ò', ' ', 'ñ', ' ', 'î', 'î'), {'i': 'nice'}
415
i: ('á', 'ò', 'ò', ' ', 'ñ', ' ', 'î', 'î'), {'i': 'nice'}
416
i: ('ò', 'ò', ' ', 'ñ', ' ', 'î', 'î'), {'i': 'nice'}
417
i: ('á', 'ò', 'ò', ' ', 'ñ', ' ', 'î', 'î'), {'i': 'nice'}
418
i: ('á', 'ò', 'ò', ' ', 'ñ', ' ', 'î', 'î'), {'i': 'nice'}
419
i: ('á', 'ò', 'ò', 'ñ', 'î', 'î'), {'i': 'nice'}
420
i: ('á', ' ', 'ñ', ' ', 'î', 'î'), {'i': 'nice'}
421
i: ('á', 'ò', 'ò', ' ', 'ñ', ' ', 'î', 'î'), {'i': 'nice'}
422
i: ('á', 'ò', 'ò', ' ', 'ñ', ' ', 'î', 'î'), {'i': 'nice'}
423
i: ('á', 'ò', 'ò', ' ', ' ', 'î', 'î'), {'i': 'nice'}
424
i: ('á', ' ', 'ñ', ' ', 'î', 'î'), {'i': 'nice'}
425
i: ('á', 'ò', 'ò', 'ñ', 'î', 'î'), {'i': 'nice'}
426
i: ('á', 'ò', 'ò', ' ', 'ñ', ' ', 'î', 'î'), {'i': 'nice'}
427
i: ('á', 'ò', 'ò', ' ', 'ñ', ' ', 'î', 'î'), {'i': 'nice'}
428
i: ('á', 'ò', 'ò', 'ñ', 'î', 'î'), {'i': 'nice'}
429
i: ('á', 'ò', 'ò', ' ', 'ñ', ' ', 'î', 'î'), {'i': 'nice'}
430
i: ('á', 'ò', 'ò', ' ', 'ñ', ' ', 'î', 'î'), {'i': 'nice'}
431
i: ('á', 'ò', 'ò', ' ', ' ', 'î', 'î'), {'i': 'nice'}
432
i: ('á', 'ò', 'ò', ' ', ' ', 'î', 'î'), {'i': 'nice'}
433
i: ('á', 'ò', 'ò', ' ', 'ñ', ' ', 'î', 'î'), {'i': 'nice'}
434
i: ('á', 'ò', 'ò', ' ', 'ñ', ' '), {'i': 'nice'}
435
i: ('á', 'ò', 'ò', ' ', 'ñ', ' ', 'î', 'î'), {'i': 'nice'}
436
i: ('á', 'ò', 'ò', 'ñ', 'î', 'î'), {'i': 'nice'}
437
i: ('á', 'ò', 'ò', ' ', 'ñ', ' ', 'î', 'î'), {'i': 'nice'}
438
i: ('á', 'ò', 'ò', 'ñ', 'î', 'î'), {'i': 'nice'}
439
i: ('á', 'ò', 'ò', ' ', 'ñ', ' ', 'î', 'î'), {'i': 'nice'}
440
i: ('á', 'ò', 'ò', ' ', 'ñ', ' '), {'i': 'nice'}
441
i: ('á', 'ò', 'ò', ' ', 'ñ', ' ', 'î', 'î'), {'i': 'nice'}
442
i: ('á', 'ò', 'ò', ' ', 'ñ', ' ', 'î', 'î'), {'i': 'nice'}
443
i: ('á', 'ò', 'ò', ' ', 'ñ', ' ', 'î', 'î'), {'i': 'nice'}
444
i: ('á', 'ò', 'ò', ' ', 'ñ', ' '), {'i': 'nice'}
445
i: ('á', 'ò', 'ò', ' ', 'ñ', ' ', 'î', 'î'), {'i': 'nice'}
446
i: ('á', 'ò', 'ò', ' ', 'ñ', ' ', 'î', 'î'), {'i': 'nice'}
447
i: ('á', 'ò', 'ò', ' ', 'ñ', ' ', 'î', 'î'), {'i': 'nice'}
448
i: ('ò', 'ò', ' ', 'ñ', ' ', 'î', 'î'), {'i': 'nice'}
449
i: ('á', 'ò', 'ò', ' ', 'ñ', ' ', 'î', 'î'), {'i': 'nice'}
450
i: ('á', 'ò', 'ò', ' ', 'ñ', ' ', 'î', 'î'), {'i': 'nice'}
451
i: ('á', 'ò', 'ò', 'ñ', 'î', 'î'), {'i': 'nice'}
452
i: ('á', ' ', 'ñ', ' ', 'î', 'î'), {'i': 'nice'}
453
i: ('á', 'ò', 'ò', ' ', 'ñ', ' ', 'î', 'î'), {'i': 'nice'}
454
i: ('á', 'ò', 'ò', ' ', 'ñ', ' ', 'î', 'î'), {'i': 'nice'}
455
i: ('á', 'ò', 'ò', ' ', ' ', 'î', 'î'), {'i': 'nice'}
456
i: ('á', ' ', 'ñ', ' ', 'î', 'î'), {'i': 'nice'}
457
i: ('á', 'ò', 'ò', 'ñ', 'î', 'î'), {'i': 'nice'}
458
i: ('á', 'ò', 'ò', ' ', 'ñ', ' ', 'î', 'î'), {'i': 'nice'}
459
i: ('á', 'ò', 'ò', ' ', 'ñ', ' ', 'î', 'î'), {'i': 'nice'}
460
i: ('á', 'ò', 'ò', 'ñ', 'î', 'î'), {'i': 'nice'}
461
i: ('á', 'ò', 'ò', ' ', 'ñ', ' ', 'î', 'î'), {'i': 'nice'}
462
i: ('á', 'ò', 'ò', ' ', 'ñ', ' ', 'î', 'î'), {'i': 'nice'}
463
i: ('á', 'ò', 'ò', ' ', ' ', 'î', 'î'), {'i': 'nice'}
464
i: ('á', 'ò', 'ò', ' ', ' ', 'î', 'î'), {'i': 'nice'}
465
i: ('á', 'ò', 'ò', ' ', 'ñ', ' ', 'î', 'î'), {'i': 'nice'}
466
i: ('á', 'ò', 'ò', ' ', 'ñ', ' '), {'i': 'nice'}
467
i: ('á', 'ò', 'ò', ' ', 'ñ', ' ', 'î', 'î'), {'i': 'nice'}
468
i: ('á', 'ò', 'ò', 'ñ', 'î', 'î'), {'i': 'nice'}
469
i: ('á', 'ò', 'ò', ' ', 'ñ', ' ', 'î', 'î'), {'i': 'nice'}
470
i: ('á', 'ò', 'ò', 'ñ', 'î', 'î'), {'i': 'nice'}
471
i: ('á', 'ò', 'ò', ' ', 'ñ', ' ', 'î', 'î'), {'i': 'nice'}
472
i: ('á', 'ò', 'ò', ' ', 'ñ', ' '), {'i': 'nice'}
473
i: ('á', 'ò', 'ò', ' ', 'ñ', ' ', 'î', 'î'), {'i': 'nice'}
474
i: ('á', 'ò', 'ò', ' ', 'ñ', ' ', 'î', 'î'), {'i': 'nice'}
475
i: ('á', 'ò', 'ò', ' ', 'ñ', ' ', 'î', 'î'), {'i': 'nice'}
476
i: ('á', 'ò', 'ò', ' ', 'ñ', ' '), {'i': 'nice'}
477
i: ('á', 'ò', 'ò', ' ', 'ñ', ' ', 'î', 'î'), {'i': 'nice'}
478
i: ('á', 'ò', 'ò', ' ', 'ñ', ' ', 'î', 'î'), {'i': 'nice'}
479
i: ('á', 'ò', 'ò', ' ', 'ñ', ' ', 'î', 'î'), {'i': 'nice'}
480
i: ('ò', 'ò', ' ', 'ñ', ' ', 'î', 'î'), {'i': 'nice'}
481
i: ('á', 'ò', 'ò', ' ', 'ñ', ' ', 'î', 'î'), {'i': 'nice'}
482
i: ('á', 'ò', 'ò', ' ', 'ñ', ' ', 'î', 'î'), {'i': 'nice'}
483
i: ('á', 'ò', 'ò', 'ñ', 'î', 'î'), {'i': 'nice'}
484
i: ('á', ' ', 'ñ', ' ', 'î', 'î'), {'i': 'nice'}
485
i: ('á', 'ò', 'ò', ' ', 'ñ', ' ', 'î', 'î'), {'i': 'nice'}
486
i: ('á', 'ò', 'ò', ' ', 'ñ', ' ', 'î', 'î'), {'i': 'nice'}
487
i: ('á', 'ò', 'ò', ' ', ' ', 'î', 'î'), {'i': 'nice'}
488
i: ('á', ' ', 'ñ', ' ', 'î', 'î'), {'i': 'nice'}
489
i: ('á', 'ò', 'ò', 'ñ', 'î', 'î'), {'i': 'nice'}
490
i: ('á', 'ò', 'ò', ' ', 'ñ', ' ', 'î', 'î'), {'i': 'nice'}
491
i: ('á', 'ò', 'ò', ' ', 'ñ', ' ', 'î', 'î'), {'i': 'nice'}
492
i: ('á', 'ò', 'ò', 'ñ', 'î', 'î'), {'i': 'nice'}
493
i: ('á', 'ò', 'ò', ' ', 'ñ', ' ', 'î', 'î'), {'i': 'nice'}
494
i: ('á', 'ò', 'ò', ' ', 'ñ', ' ', 'î', 'î'), {'i': 'nice'}
495
i: ('á', 'ò', 'ò', ' ', ' ', 'î', 'î'), {'i': 'nice'}
496
i: ('á', 'ò', 'ò', ' ', ' ', 'î', 'î'), {'i': 'nice'}
497
i: ('á', 'ò', 'ò', ' ', 'ñ', ' ', 'î', 'î'), {'i': 'nice'}
498
i: ('á', 'ò', 'ò', ' ', 'ñ', ' '), {'i': 'nice'}
499
i: ('á', 'ò', 'ò', ' ', 'ñ', ' ', 'î', 'î'), {'i': 'nice'}
500
i: ('á', 'ò', 'ò', 'ñ', 'î', 'î'), {'i': 'nice'}
501
i: ('á', 'ò', 'ò', ' ', 'ñ', ' ', 'î', 'î'), {'i': 'nice'}
502
i: ('á', 'ò', 'ò', 'ñ', 'î', 'î'), {'i': 'nice'}
503
i: ('á', 'ò', 'ò', ' ', 'ñ', ' ', 'î', 'î'), {'i': 'nice'}
504
i: ('á', 'ò', 'ò', ' ', 'ñ', ' '), {'i': 'nice'}
505
i: ('á', 'ò', 'ò', ' ', 'ñ', ' ', 'î', 'î'), {'i': 'nice'}
506
i: ('á', 'ò', 'ò', ' ', 'ñ', ' ', 'î', 'î'), {'i': 'nice'}
507
i: ('á', 'ò', 'ò', ' ', 'ñ', ' ', 'î', 'î'), {'i': 'nice'}
508
i: ('á', 'ò', 'ò', ' ', 'ñ', ' '), {'i': 'nice'}
509
i: ('á', 'ò', 'ò', ' ', 'ñ', ' ', 'î', 'î'), {'i': 'nice'}
510
i: ('á', 'ò', 'ò', ' ', 'ñ', ' ', 'î', 'î'), {'i': 'nice'}
511
i: ('á', 'ò', 'ò', ' ', 'ñ', ' ', 'î', 'î'), {'i': 'nice'}
512
i: ('ò', 'ò', ' ', 'ñ', ' ', 'î', 'î'), {'i': 'nice'}
513
i: ('á', 'ò', 'ò', ' ', 'ñ', ' ', 'î', 'î'), {'i': 'nice'}
514
i: ('á', 'ò', 'ò', ' ', 'ñ', ' ', 'î', 'î'), {'i': 'nice'}
515
i: ('á', 'ò', 'ò', 'ñ', 'î', 'î'), {'i': 'nice'}
516
i: ('á', ' ', 'ñ', ' ', 'î', 'î'), {'i': 'nice'}
517
i: ('á', 'ò', 'ò', ' ', 'ñ', ' ', 'î', 'î'), {'i': 'nice'}
518
i: ('á', 'ò', 'ò', ' ', 'ñ', ' ', 'î', 'î'), {'i': 'nice'}
519
i: ('á', 'ò', 'ò', ' ', ' ', 'î', 'î'), {'i': 'nice'}
520
i: ('á', ' ', 'ñ', ' ', 'î', 'î'), {'i': 'nice'}
521
i: ('á', 'ò', 'ò', 'ñ', 'î', 'î'), {'i': 'nice'}
522
i: ('á', 'ò', 'ò', ' ', 'ñ', ' ', 'î', 'î'), {'i': 'nice'}
523
i: ('á', 'ò', 'ò', ' ', 'ñ', ' ', 'î', 'î'), {'i': 'nice'}
524
i: ('á', 'ò', 'ò', 'ñ', 'î', 'î'), {'i': 'nice'}
525
i: ('á', 'ò', 'ò', ' ', 'ñ', ' ', 'î', 'î'), {'i': 'nice'}
526
i: ('á', 'ò', 'ò', ' ', 'ñ', ' ', 'î', 'î'), {'i': 'nice'}
527
i: ('á', 'ò', 'ò', ' ', ' ', 'î', 'î'), {'i': 'nice'}
528
i: ('á', 'ò', 'ò', ' ', ' ', 'î', 'î'), {'i': 'nice'}
529
i: ('á', 'ò', 'ò', ' ', 'ñ', ' ', 'î', 'î'), {'i': 'nice'}
530
i: ('á', 'ò', 'ò', ' ', 'ñ', ' '), {'i': 'nice'}
531
i: ('á', 'ò', 'ò', ' ', 'ñ', ' ', 'î', 'î'), {'i': 'nice'}
532
i: ('á', 'ò', 'ò', 'ñ', 'î', 'î'), {'i': 'nice'}
533
i: ('á', 'ò', 'ò', ' ', 'ñ', ' ', 'î', 'î'), {'i': 'nice'}
534
i: ('á', 'ò', 'ò', 'ñ', 'î', 'î'), {'i': 'nice'}
535
i: ('á', 'ò', 'ò', ' ', 'ñ', ' ', 'î', 'î'), {'i': 'nice'}
536
i: ('á', 'ò', 'ò', ' ', 'ñ', ' '), {'i': 'nice'}
537
i: ('á', 'ò', 'ò', ' ', 'ñ', ' ', 'î', 'î'), {'i': 'nice'}
538
i: ('á', 'ò', 'ò', ' ', 'ñ', ' ', 'î', 'î'), {'i': 'nice'}
539
i: ('á', 'ò', 'ò', ' ', 'ñ', ' ', 'î', 'î'), {'i': 'nice'}
540
i: ('á', 'ò', 'ò', ' ', 'ñ', ' '), {'i': 'nice'}
541
i: ('á', 'ò', 'ò', ' ', 'ñ', ' ', 'î', 'î'), {'i': 'nice'}
542
i: ('á', 'ò', 'ò', ' ', 'ñ', ' ', 'î', 'î'), {'i': 'nice'}
543
i: ('á', 'ò', 'ò', ' ', 'ñ', ' ', 'î', 'î'), {'i': 'nice'}
544
