BOOOM 3000
BOOOM 3000
BOOOM 3000
3
YAAAA
2
YAAAA
YAAAA
