@
c = 2
print
print

c, 
c, d
clas
print    pa    pas  pass 21005 = A() A(), A A(), A pass
()
pr(), A((), A((A.cou(A.coun(A.coun)
c = )
prin), A()):
  , A(), , d, e , e = A.count00
pri0500
0class 100500210050:
   = A(),A()
pA(str)ass A(ass A(sc = 210c, d, ecounted, e =er)
clint(A.cnt
clnt(A.cnter)
objcouounterounter)print(Ar)
c =rint(A.s

cs A(strss

str):
t(A.coter)
ter)
tr):
unter)