a: 40000, b: 42
a: 40000, b: 42, e: 123
a: 20000, b: 22
a: 20000, b: 22, e: 123
