1 2 6
#####
#...#
#...#
#~~~#
#~~~#
#~~~#
#~~~#
#####
......        6/18
~~~~~~~~~~~~ 12/18
