2 2 6
######
#....#
#....#
#....#
#~~~~#
#~~~~#
#~~~~#
######
............ 12/24
~~~~~~~~~~~~ 12/24
