########
#......#
#......#
#......#
#......#
#......#
#......#
#......#
#......#
#......#
#......#
#......#
#......#
#......#
#......#
#......#
#~~~~~~#
#~~~~~~#
#~~~~~~#
#~~~~~~#
#~~~~~~#
#~~~~~~#
#~~~~~~#
#~~~~~~#
#~~~~~~#
#~~~~~~#
#~~~~~~#
#~~~~~~#
#~~~~~~#
#~~~~~~#
#~~~~~~#
#~~~~~~#
########
.................... 92/186
~~~~~~~~~~~~~~~~~~~~ 94/186
