0.8775825618903728
0.5403023058681398
0.0707372016677029
-0.4161468365471424
-0.8011436155469337
2
