[1, 2, 3, 4, 5, 11, 13, 22, 23, 28, 33, 35, 38, 40, 47, 56, 58, 70, 76, 84, 95]
