[0, 14, 70, 126, 140, 161, 182, 196, 196, 217, 252, 259, 266, 280, 301, 357, 371, 469, 490, 504, 504, 525, 560, 581, 588, 595, 595, 602, 609, 616, 616, 637, 728, 735, 763, 770, 777, 805, 819, 840, 875, 910, 959, 966, 973, 987, 994, 994]
